// Jest Snapshot v1, https://goo.gl/fbAQLP

exports[`New tweet it renders correctly 1`] = `
<div>
  <div
    class="new-tweet"
  >
    <img
      alt="avatar"
      class="avatar"
      src="[object Object]"
    />
    <input
      class="new-tweet-input"
      data-testid="new-tweet-input"
      placeholder="What's happening?"
    />
    <button
      class="new-tweet-button"
      data-testid="new-tweet-button"
      disabled=""
      title="You need at least one character to proceed"
      type="button"
    >
      Tweet
    </button>
  </div>
</div>
`;
